// Jest Snapshot v1, https://goo.gl/fbAQLP

exports[`Blockquote component should render properly 1`] = `ShallowWrapper {}`;
