// Jest Snapshot v1, https://goo.gl/fbAQLP

exports[`Text component should render properly 1`] = `ShallowWrapper {}`;
